ADMIN@DESKTOP-0CPJ0CT MINGW64 ~/Desktop/sm
$ git clone https://github.com/Sm0810/TEST1.git
Cloning into 'TEST1'...
remote: Enumerating objects: 3, done.
remote: Counting objects: 100% (3/3), done.
remote: Total 3 (delta 0), reused 0 (delta 0), pack-reused 0
Receiving objects: 100% (3/3), done.

ADMIN@DESKTOP-0CPJ0CT MINGW64 ~/Desktop/sm
$ git status
fatal: not a git repository (or any of the parent directories): .git

ADMIN@DESKTOP-0CPJ0CT MINGW64 ~/Desktop/sm
$ cd TEST1

ADMIN@DESKTOP-0CPJ0CT MINGW64 ~/Desktop/sm/TEST1 (main)
$ git status
On branch main
Your branch is up to date with 'origin/main'.

Changes not staged for commit:
(use "git add <file>..." to update what will be committed)
(use "git restore <file>..." to discard changes in working directory)
modified: test

no changes added to commit (use "git add" and/or "git commit -a")

ADMIN@DESKTOP-0CPJ0CT MINGW64 ~/Desktop/sm/TEST1 (main)
$ git add .

ADMIN@DESKTOP-0CPJ0CT MINGW64 ~/Desktop/sm/TEST1 (main)
$ git status
On branch main
Your branch is up to date with 'origin/main'.

Changes to be committed:
(use "git restore --staged <file>..." to unstage)

modified: test

ADMIN@DESKTOP-0CPJ0CT MINGW64 ~/Desktop/sm/TEST1 (main)
$ git commit -m "first commit"
[main 99ee74f] first commit
1 file changed, 1 insertion(+)

ADMIN@DESKTOP-0CPJ0CT MINGW64 ~/Desktop/sm/TEST1 (main)
$ git status
On branch main
Your branch is ahead of 'origin/main' by 1 commit.
(use "git push" to publish your local commits)

nothing to commit, working tree clean

ADMIN@DESKTOP-0CPJ0CT MINGW64 ~/Desktop/sm/TEST1 (main)
$ git push https://(token removed due to security issues)@github.com/Sm0810/TEST1.git
Enumerating objects: 5, done.
Counting objects: 100% (5/5), done.
Writing objects: 100% (3/3), 278 bytes | 278.00 KiB/s, done.
Total 3 (delta 0), reused 0 (delta 0), pack-reused 0
To https://github.com/Sm0810/TEST1.git
32a7fa2..99ee74f main -> main

ADMIN@DESKTOP-0CPJ0CT MINGW64 ~/Desktop/sm/TEST1 (main)
$ git pull https://(token removed due to security issues)@github.com/Sm0810/TEST1.git
remote: Enumerating objects: 5, done.
remote: Counting objects: 100% (5/5), done.
remote: Compressing objects: 100% (2/2), done.
remote: Total 3 (delta 0), reused 0 (delta 0), pack-reused 0
Unpacking objects: 100% (3/3), 669 bytes | 3.00 KiB/s, done.
From https://github.com/Sm0810/TEST1
* branch HEAD -> FETCH_HEAD
Updating 99ee74f..24978b6
Fast-forward
test | 1 +
1 file changed, 1 insertion(+)
